src/app/inventory/inventory-client.tsx(801,32): error TS2367: This comparison appears to be unintentional because the types 'CalculationType' and '"Per Pc"' have no overlap.
src/app/inventory/inventory-client.tsx(883,46): error TS2367: This comparison appears to be unintentional because the types 'CalculationType' and '"Per Pc"' have no overlap.
src/app/inventory/page.tsx(12,20): error TS2358: The left-hand side of an 'instanceof' expression must be of type 'any', an object type or a type parameter.
src/app/inventory/page.tsx(15,20): error TS2358: The left-hand side of an 'instanceof' expression must be of type 'any', an object type or a type parameter.
src/app/invoices/invoices-client-final.tsx(194,22): error TS7053: Element implicitly has an 'any' type because expression of type 'any' can't be used to index type 'Order'.
src/app/invoices/invoices-client-final.tsx(195,22): error TS7053: Element implicitly has an 'any' type because expression of type 'any' can't be used to index type 'Order'.
src/app/invoices/invoices-client-final.tsx(255,65): error TS18048: 'invoice.balanceDue' is possibly 'undefined'.
src/app/invoices/invoices-client-final.tsx(256,33): error TS2345: Argument of type 'number | undefined' is not assignable to parameter of type 'number'.
  Type 'undefined' is not assignable to type 'number'.
src/app/invoices/invoices-client-final.tsx(259,33): error TS2367: This comparison appears to be unintentional because the types 'OrderStatus' and '"Paid"' have no overlap.
src/app/invoices/invoices-client-final.tsx(259,73): error TS2367: This comparison appears to be unintentional because the types 'OrderStatus' and '"Partially Paid"' have no overlap.
src/app/invoices/invoices-client-final.tsx(327,35): error TS2367: This comparison appears to be unintentional because the types '"Pending" | "Part Payment" | "Fulfilled" | "Canceled"' and '"Full Paid"' have no overlap.
src/app/invoices/invoices-client-final.tsx(368,7): error TS18048: 'inv.balanceDue' is possibly 'undefined'.
src/app/invoices/invoices-client-final.tsx(377,38): error TS2367: This comparison appears to be unintentional because the types '"Pending" | "Part Payment" | "Canceled" | "Deleted"' and '"Paid"' have no overlap.
src/app/invoices/invoices-client-final.tsx(414,11): error TS2353: Object literal may only specify known properties, and 'mode' does not exist in type 'Omit<Payment, "id">'.
src/app/invoices/invoices-client-final.tsx(436,166): error TS18048: 'order.balanceDue' is possibly 'undefined'.
src/app/invoices/invoices-client-final.tsx(670,33): error TS2322: Type 'Dispatch<SetStateAction<"credit" | "fullPaid" | "deleted">>' is not assignable to type '(value: string) => void'.
  Types of parameters 'value' and 'value' are incompatible.
    Type 'string' is not assignable to type 'SetStateAction<"credit" | "fullPaid" | "deleted">'.
src/app/invoices/invoices-client-final.tsx(728,64): error TS18048: 'selectedInvoice.balanceDue' is possibly 'undefined'.
src/app/invoices/invoices-client-final.tsx(729,28): error TS18048: 'selectedInvoice.balanceDue' is possibly 'undefined'.
src/app/invoices/invoices-client-final.tsx(730,46): error TS2345: Argument of type 'number | undefined' is not assignable to parameter of type 'number'.
  Type 'undefined' is not assignable to type 'number'.
src/app/invoices/invoices-client-final.tsx(750,59): error TS2322: Type 'Dispatch<SetStateAction<PaymentMode>>' is not assignable to type '(value: string) => void'.
  Types of parameters 'value' and 'value' are incompatible.
    Type 'string' is not assignable to type 'SetStateAction<PaymentMode>'.
src/app/invoices/invoices-client-final.tsx(784,28): error TS18048: 'selectedInvoice.payments.length' is possibly 'undefined'.
src/app/invoices/invoices-client-final.tsx(784,67): error TS18048: 'selectedInvoice.payments' is possibly 'undefined'.
src/app/invoices/invoices-client-final.tsx(786,62): error TS2339: Property 'date' does not exist on type 'Payment'.
src/app/invoices/invoices-client-final.tsx(788,51): error TS2339: Property 'mode' does not exist on type 'Payment'.
src/app/invoices/invoices-client-final.tsx(806,148): error TS2339: Property 'date' does not exist on type 'Payment'.
src/app/invoices/invoices-client.tsx(220,21): error TS2353: Object literal may only specify known properties, and 'mode' does not exist in type 'Omit<Payment, "id">'.
src/app/invoices/invoices-client.tsx(242,45): error TS18048: 'updatedInvoice.payments' is possibly 'undefined'.
src/app/invoices/invoices-client.tsx(260,59): error TS2554: Expected 1 arguments, but got 2.
src/app/invoices/invoices-client.tsx(281,187): error TS2339: Property 'mode' does not exist on type 'Payment'.
src/app/invoices/invoices-client.tsx(281,219): error TS2339: Property 'date' does not exist on type 'Payment'.
src/app/invoices/invoices-client.tsx(297,33): error TS18048: 'selectedInvoice.payments' is possibly 'undefined'.
src/app/invoices/invoices-client.tsx(505,30): error TS18048: 'selectedInvoice.payments' is possibly 'undefined'.
src/app/invoices/invoices-client.tsx(509,10): error TS18048: 'selectedInvoice.payments' is possibly 'undefined'.
src/app/invoices/invoices-client.tsx(514,31): error TS2339: Property 'date' does not exist on type 'Payment'.
src/app/invoices/invoices-client.tsx(514,79): error TS2339: Property 'mode' does not exist on type 'Payment'.
src/app/invoices/invoices-client.tsx(617,33): error TS2322: Type '{ receiptRef: RefObject<HTMLDivElement | null>; order: Order; payment: Payment; historicalPayments: Payment[]; customer: Customer | undefined; logoUrl: string | undefined; }' is not assignable to type 'IntrinsicAttributes & ReceiptTemplateProps & RefAttributes<HTMLDivElement>'.
  Property 'receiptRef' does not exist on type 'IntrinsicAttributes & ReceiptTemplateProps & RefAttributes<HTMLDivElement>'.
src/app/orders/AddOrderDialog.tsx(19,10): error TS2305: Module '"@/lib/utils"' has no exported member 'formatNumberForDisplay'.
src/app/orders/orders-client.tsx(141,27): error TS2304: Cannot find name 'Interval'.
src/app/orders/orders-client.tsx(288,50): error TS2345: Argument of type 'string | undefined' is not assignable to parameter of type 'string'.
  Type 'undefined' is not assignable to type 'string'.
src/app/orders/orders-client.tsx(288,128): error TS18048: 'item.gst' is possibly 'undefined'.
src/app/orders/orders-client.tsx(289,50): error TS2345: Argument of type 'string | undefined' is not assignable to parameter of type 'string'.
  Type 'undefined' is not assignable to type 'string'.
src/app/orders/orders-client.tsx(299,35): error TS2345: Argument of type 'string | undefined' is not assignable to parameter of type 'string'.
  Type 'undefined' is not assignable to type 'string'.
src/app/orders/orders-client.tsx(367,30): error TS2556: A spread argument must either have a tuple type or be passed to a rest parameter.
src/app/orders/orders-client.tsx(368,30): error TS2556: A spread argument must either have a tuple type or be passed to a rest parameter.
src/app/orders/orders-client.tsx(371,30): error TS2556: A spread argument must either have a tuple type or be passed to a rest parameter.
src/app/orders/orders-client.tsx(487,35): error TS2345: Argument of type 'string | undefined' is not assignable to parameter of type 'string'.
  Type 'undefined' is not assignable to type 'string'.
src/app/orders/orders-client.tsx(801,22): error TS2345: Argument of type '{ productId: string; quantity: string; price: string; cost: string; gst: string; stock: number; calculationType: CalculationType; category: ProductCategory; weightPerUnit: number; }[]' is not assignable to parameter of type 'SetStateAction<OrderItemState[]>'.
  Type '{ productId: string; quantity: string; price: string; cost: string; gst: string; stock: number; calculationType: CalculationType; category: ProductCategory; weightPerUnit: number; }[]' is not assignable to type 'OrderItemState[]'.
    Property 'totalWeight' is missing in type '{ productId: string; quantity: string; price: string; cost: string; gst: string; stock: number; calculationType: CalculationType; category: ProductCategory; weightPerUnit: number; }' but required in type 'OrderItemState'.
src/app/payments/payments-client.tsx(171,19): error TS2554: Expected 3 arguments, but got 2.
src/app/purchases/purchases-client.tsx(82,21): error TS18048: 'aValue' is possibly 'undefined'.
src/app/purchases/purchases-client.tsx(82,30): error TS18048: 'bValue' is possibly 'undefined'.
src/app/purchases/purchases-client.tsx(85,21): error TS18048: 'aValue' is possibly 'undefined'.
src/app/purchases/purchases-client.tsx(85,30): error TS18048: 'bValue' is possibly 'undefined'.
src/app/reports/reports-client.tsx(72,91): error TS7006: Parameter 'a' implicitly has an 'any' type.
src/app/reports/reports-client.tsx(72,93): error TS7006: Parameter 'b' implicitly has an 'any' type.
src/components/app-layout.tsx(87,52): error TS18047: 'pathname' is possibly 'null'.
src/components/app-layout.tsx(177,60): error TS18047: 'pathname' is possibly 'null'.
src/components/app-layout.tsx(191,70): error TS18047: 'pathname' is possibly 'null'.
src/components/receipt-template.tsx(44,119): error TS2339: Property 'date' does not exist on type 'Payment'.
src/components/receipt-template.tsx(58,73): error TS2339: Property 'mode' does not exist on type 'Payment'.
src/components/receipt-template.tsx(96,73): error TS2339: Property 'date' does not exist on type 'Payment'.
src/components/theme-provider.tsx(5,41): error TS2307: Cannot find module 'next-themes/dist/types' or its corresponding type declarations.
src/components/ui/accordion.tsx(4,37): error TS2307: Cannot find module '@radix-ui/react-accordion' or its corresponding type declarations.
src/components/ui/calendar.tsx(5,27): error TS2307: Cannot find module 'react-day-picker' or its corresponding type declarations.
src/components/ui/calendar.tsx(57,22): error TS7031: Binding element 'className' implicitly has an 'any' type.
src/components/ui/calendar.tsx(60,23): error TS7031: Binding element 'className' implicitly has an 'any' type.
src/components/ui/carousel.tsx(6,8): error TS2307: Cannot find module 'embla-carousel-react' or its corresponding type declarations.
src/components/ui/chart.tsx(119,7): error TS2339: Property 'payload' does not exist on type 'Omit<Omit<Props<ValueType, NameType>, PropertiesReadFromContext> & { active?: boolean | undefined; includeHidden?: boolean | undefined; ... 17 more ...; axisId?: AxisId | undefined; } & ClassAttributes<...> & HTMLAttributes<...> & { ...; }, "ref">'.
src/components/ui/chart.tsx(124,7): error TS2339: Property 'label' does not exist on type 'Omit<Omit<Props<ValueType, NameType>, PropertiesReadFromContext> & { active?: boolean | undefined; includeHidden?: boolean | undefined; ... 17 more ...; axisId?: AxisId | undefined; } & ClassAttributes<...> & HTMLAttributes<...> & { ...; }, "ref">'.
src/components/ui/chart.tsx(188,25): error TS7006: Parameter 'item' implicitly has an 'any' type.
src/components/ui/chart.tsx(188,31): error TS7006: Parameter 'index' implicitly has an 'any' type.
src/components/ui/chart.tsx(264,41): error TS2344: Type '"payload" | "verticalAlign"' does not satisfy the constraint '"string" | "slot" | "style" | "clipPath" | "filter" | "mask" | "path" | "fill" | "values" | "children" | "key" | "suppressHydrationWarning" | "className" | "id" | "lang" | "nonce" | ... 433 more ... | "onBBoxUpdate"'.
  Type '"payload"' is not assignable to type '"string" | "slot" | "style" | "clipPath" | "filter" | "mask" | "path" | "fill" | "values" | "children" | "key" | "suppressHydrationWarning" | "className" | "id" | "lang" | "nonce" | ... 433 more ... | "onBBoxUpdate"'.
